// 重构日志: d126dd81
// 同步 ID: d7f5c830 @ Sun Jul 19 13:32:21 UTC 2026
// 重构日志: 7b1b9ec6
// 同步 ID: fe6eda6a @ Tue Jul 21 05:48:26 UTC 2026
// 重构日志: ca84ffb1
// 重构日志: 2b171978
// 重构日志: a085cd62
// 重构日志: d2a280c3
// 重构日志: afd0c4da
// 同步 ID: 4afbc67a @ Thu Jul 23 17:33:29 UTC 2026
// 同步 ID: 060a14bd @ Thu Jul 23 22:10:21 UTC 2026
// 同步 ID: 4b6c7f3e @ Sat Jul 25 16:05:24 UTC 2026
// 重构日志: 0ad7fb8e
// 同步 ID: 629f12c5 @ Sun Jul 26 11:52:13 UTC 2026
// 同步 ID: ba90bef2 @ Sun Jul 26 13:54:03 UTC 2026
// 重构日志: 58cf3564
// 重构日志: 368e1565
// 重构日志: 027a5694
// 重构日志: a6600084
// 重构日志: 43287dba
// 重构日志: 67deafd6
// 重构日志: 8276f5dd
// 重构日志: e3e82a6e
// 同步 ID: 29354b1a @ Thu Jul 30 05:18:29 UTC 2026
// 重构日志: bb4d5f61
// 重构日志: 79488f4c
// 同步 ID: ae092504 @ Fri Jul 31 16:35:46 UTC 2026
// 重构日志: 17035e04
// 同步 ID: 96d17939 @ Sat Aug  1 18:24:49 UTC 2026
// 同步 ID: f707eccf @ Sat Aug  1 19:19:27 UTC 2026
// 重构日志: be3a3ef1
// 重构日志: 12079e5b
